// Jest Snapshot v1, https://goo.gl/fbAQLP

exports[`renders correctly 1`] = `
<View
  accessibilityState={
    {
      "busy": undefined,
      "checked": undefined,
      "disabled": undefined,
      "expanded": undefined,
      "selected": undefined,
    }
  }
  accessibilityValue={
    {
      "max": undefined,
      "min": undefined,
      "now": undefined,
      "text": undefined,
    }
  }
  accessible={true}
  collapsable={false}
  focusable={false}
  onClick={[Function]}
  onResponderGrant={[Function]}
  onResponderMove={[Function]}
  onResponderRelease={[Function]}
  onResponderTerminate={[Function]}
  onResponderTerminationRequest={[Function]}
  onStartShouldSetResponder={[Function]}
  style={
    {
      "alignItems": "center",
      "borderRadius": 20,
      "columnGap": 12,
      "flexDirection": "row",
      "height": 50,
      "justifyContent": "center",
      "marginVertical": 10,
      "opacity": 1,
      "paddingHorizontal": 56,
    }
  }
>
  <Text
    style={
      {
        "color": undefined,
        "fontFamily": "SoraSemibold",
        "fontSize": 26.250000000000004,
      }
    }
  >
    Hello world
  </Text>
</View>
`;
